PUBLIC INT ID(search) LPAREN RPAREN LBRACE INT ID(i) BECOMES INTEGER_LITERAL(0) SEMICOLON INT LBRACKET RBRACKET ID(arr) BECOMES NEW INT LBRACKET INTEGER_LITERAL(10) RBRACKET SEMICOLON WHILE LPAREN ID(i) LESS_THAN ID(arr) PERIOD LENGTH RPAREN LBRACE IF LPAREN ID(arr) LBRACKET ID(i) RBRACKET LESS_THAN INTEGER_LITERAL(0) RPAREN LBRACE ID(i) PLUS PLUS SEMICOLON RBRACE ELSE LBRACE ID(i) MINUS MINUS SEMICOLON RBRACE RBRACE RETURN ID(i) SEMICOLON RBRACE